Script started on Sun 19 Apr 2015 05:41:53 PM PDT
~
kkimb003@hammer $ cd rshell
~/rshell
kkimb003@hammer $ ls
license  Makefile  README.md  [0m[01;34msrc[0m/  [01;34mtests[0m/
[m~/rshell
kkimb003@hammer $ make
mkdir -p ./bin
g++ -ansi -pedantic -Wall -Werror ./src/main.cpp -o ./bin/rshell
~/rshell
kkimb003@hammer $ bin/rshell
kkimb003@hammer.cs.ucr.edu$ ls
bin  license  Makefile	README.md  src	tests
kkimb003@hammer.cs.ucr.edu$ ls -a
.  ..  bin  .git  license  Makefile  README.md	src  tests
kkimb003@hammer.cs.ucr.edu$ ls || ls
bin  license  Makefile	README.md  src	tests
kkimb003@hammer.cs.ucr.edu$ ls && ls
bin  license  Makefile	README.md  src	tests
bin  license  Makefile	README.md  src	tests
kkimb003@hammer.cs.ucr.edu$ ls && ls && ls && ls
bin  license  Makefile	README.md  src	tests
bin  license  Makefile	README.md  src	tests
bin  license  Makefile	README.md  src	tests
bin  license  Makefile	README.md  src	tests
kkimb003@hammer.cs.ucr.edu$ ls                     && ls
bin  license  Makefile	README.md  src	tests
bin  license  Makefile	README.md  src	tests
kkimb003@hammer.cs.ucr.edu$ ls                    || ls
bin  license  Makefile	README.md  src	tests
kkimb003@hammer.cs.ucr.edu$ ls ; ls ; ls ls  ; ls
bin  license  Makefile	README.md  src	tests
bin  license  Makefile	README.md  src	tests
bin  license  Makefile	README.md  src	tests
bin  license  Makefile	README.md  src	tests
kkimb003@hammer.cs.ucr.edu$ ls -l
total 24
drwx------ 2 kkimb003 csmajs 4096 Apr 19 17:36 bin
-rw------- 1 kkimb003 csmajs 1070 Apr 19 15:56 license
-rw------- 1 kkimb003 csmajs  295 Apr 19 15:56 Makefile
-rw------- 1 kkimb003 csmajs  586 Apr 19 16:42 README.md
drwx------ 2 kkimb003 csmajs 4096 Apr 19 16:28 src
drwx------ 2 kkimb003 csmajs 4096 Apr 19 17:36 tests
kkimb003@hammer.cs.ucr.edu$ ls           -l
total 24
drwx------ 2 kkimb003 csmajs 4096 Apr 19 17:36 bin
-rw------- 1 kkimb003 csmajs 1070 Apr 19 15:56 license
-rw------- 1 kkimb003 csmajs  295 Apr 19 15:56 Makefile
-rw------- 1 kkimb003 csmajs  586 Apr 19 16:42 README.md
drwx------ 2 kkimb003 csmajs 4096 Apr 19 16:28 src
drwx------ 2 kkimb003 csmajs 4096 Apr 19 17:36 tests
kkimb003@hammer.cs.ucr.edu$ ls.  && pwd
bin  license  Makefile	README.md  src	tests
/home/csmajs/kkimb003/rshell
kkimb003@hammer.cs.ucr.edu$ ld s  false && ls
kkimb003@hammer.cs.ucr.edu$ ls  false || la s
bin  license  Makefile	README.md  src	tests
kkimb003@hammer.cs.ucr.edu$ true || ls
kkimb003@hammer.cs.ucr.edu$ make
mkdir -p ./bin
g++ -ansi -pedantic -Wall -Werror ./src/main.cpp -o ./bin/rshell
kkimb003@hammer.cs.ucr.edu$ bin/rshell
kkimb003@hammer.cs.ucr.edu$ exit
kkimb003@hammer.cs.ucr.edu$ ls && ls || ls
bin  license  Makefile	README.md  src	tests
kkimb003@hammer.cs.ucr.edu$                              ls -a
.  ..  bin  .git  license  Makefile  README.md	src  tests
kkimb003@hammer.cs.ucr.edu$ ls             ls                 && ll s
bin  license  Makefile	README.md  src	tests
bin  license  Makefile	README.md  src	tests
kkimb003@hammer.cs.ucr.edu$                    ls          || ls
bin  license  Makefile	README.md  src	tests
~/rshell
kkimb003@hammer $ ls
[0m[01;34mbin[0m/  license  Makefile  README.md  [01;34msrc[0m/  [01;34mtests[0m/
[m~/rshell
kkimb003@hammer $ make
mkdir -p ./bin
g++ -ansi -pedantic -Wall -Werror ./src/main.cpp -o ./bin/rshell
~/rshell
kkimb003@hammer $ make[2Plsbin/rshell[6Pmake[2Plsmakebin/rshell
kkimb003@hammer.cs.ucr.edu$ 	ls
^C
~/rshell
kkimb003@hammer $ bin/rshell
kkimb003@hammer.cs.ucr.edu$ ls	
bin  license  Makefile	README.md  src	tests
kkimb003@hammer.cs.ucr.edu$ ls	&& ls
bin  license  Makefile	README.md  src	tests
bin  license  Makefile	README.md  src	tests
kkimb003@hammer.cs.ucr.edu$ cd  exit
~/rshell
kkimb003@hammer $ cd tests
~/rshell/tests
kkimb003@hammer $ vim exec.script 
[?1000h7[?47h[?1h=[1;24r[m[H[2J[24;1H"exec.script" 0L, 0C[>c[1;1H[33m  1 [m
[1m[34m~                                                                               [3;1H~                                                                               [4;1H~                                                                               [5;1H~                                                                               [6;1H~                                                                               [7;1H~                                                                               [8;1H~                                                                               [9;1H~                                                                               [10;1H~                                                                               [11;1H~                                                                               [12;1H~                                                                               [13;1H~                                                                               [14;1H~                                                                               [15;1H~                                                                               [16;1H~                                                                               [17;1H~                                                                               [18;1H~                                                                               [19;1H~                                                                               [20;1H~                                                                               [21;1H~                                                                               [22;1H~                                                                               [23;1H~                                                                               [m[24;63H0,0-1[9CAll[1;5H[?1000l[?1002hP+q436f\P+q6b75\P+q6b64\P+q6b72\P+q6b6c\P+q2332\P+q2334\P+q2569\P+q2a37\P+q6b31\[24;1H[K[24;1H:w[24;2H[K[24;2Hq[?1002l[24;1H[K[24;1H[?1l>[2J[?47l8~/rshell/tests
kkimb003@hammer $ exit
exit

Script done on Sun 19 Apr 2015 05:56:59 PM PDT
